[2026-09-03T21:59:50.200Z] [INFO] Servidor iniciado
--------------------------------------------------------------------------------
[2026-09-03T21:59:51.122Z] [INFO] Conexión a MongoDB exitosa
--------------------------------------------------------------------------------
[2026-09-03T21:59:51.128Z] [INFO] API escuchando en localhost:3002
--------------------------------------------------------------------------------
[2026-09-03T21:59:57.293Z] [INFO] Servidor iniciado
--------------------------------------------------------------------------------
[2026-09-03T21:59:58.154Z] [INFO] Conexión a MongoDB exitosa
--------------------------------------------------------------------------------
[2026-09-03T21:59:58.159Z] [INFO] API escuchando en localhost:3002
--------------------------------------------------------------------------------
[2026-09-03T22:00:19.463Z] [INFO] Servidor iniciado
--------------------------------------------------------------------------------
[2026-09-03T22:00:20.321Z] [INFO] Conexión a MongoDB exitosa
--------------------------------------------------------------------------------
[2026-09-03T22:00:20.325Z] [INFO] API escuchando en localhost:3002
--------------------------------------------------------------------------------
[2026-09-03T22:00:40.110Z] [INFO] Servidor iniciado
--------------------------------------------------------------------------------
[2026-09-03T22:00:40.986Z] [INFO] Conexión a MongoDB exitosa
--------------------------------------------------------------------------------
[2026-09-03T22:00:40.990Z] [INFO] API escuchando en localhost:3002
--------------------------------------------------------------------------------
[2026-09-03T22:06:26.906Z] [INFO] Servidor iniciado
--------------------------------------------------------------------------------
[2026-09-03T22:06:27.788Z] [INFO] Conexión a MongoDB exitosa
--------------------------------------------------------------------------------
[2026-09-03T22:06:27.792Z] [INFO] API escuchando en localhost:3002
--------------------------------------------------------------------------------
[2026-09-03T22:12:02.302Z] [REQUEST] POST /api/auth/forgot-password - Status: 200 - 3181ms
--------------------------------------------------------------------------------
[2026-09-03T22:12:51.214Z] [REQUEST] POST /api/auth/reset-password - Status: 200 - 568ms
--------------------------------------------------------------------------------
[2026-09-03T22:13:17.809Z] [REQUEST] POST /api/auth/reset-password - Status: 400 - 93ms
--------------------------------------------------------------------------------
[2026-09-03T22:13:37.349Z] [REQUEST] POST /api/authenticate - Status: 200 - 436ms
--------------------------------------------------------------------------------
[2026-09-03T22:13:59.294Z] [REQUEST] POST /api/auth/forgot-password - Status: 200 - 1851ms
--------------------------------------------------------------------------------
[2026-09-03T22:14:22.881Z] [REQUEST] POST /api/auth/reset-password - Status: 200 - 537ms
--------------------------------------------------------------------------------
[2026-09-03T22:14:33.325Z] [REQUEST] POST /api/authenticate - Status: 403 - 412ms
--------------------------------------------------------------------------------
[2026-09-03T22:14:39.551Z] [REQUEST] POST /api/authenticate - Status: 200 - 395ms
--------------------------------------------------------------------------------
[2026-09-03T22:14:52.468Z] [REQUEST] POST /api/authenticate - Status: 403 - 418ms
--------------------------------------------------------------------------------
[2026-09-03T22:15:11.768Z] [REQUEST] POST /api/auth/forgot-password - Status: 200 - 1861ms
--------------------------------------------------------------------------------
[2026-09-03T22:15:31.552Z] [REQUEST] POST /api/auth/reset-password - Status: 200 - 505ms
--------------------------------------------------------------------------------
[2026-09-03T22:16:08.463Z] [REQUEST] POST /api/authenticate - Status: 403 - 390ms
--------------------------------------------------------------------------------
[2026-09-03T22:16:14.408Z] [REQUEST] POST /api/authenticate - Status: 200 - 428ms
--------------------------------------------------------------------------------
[2026-09-03T22:16:42.920Z] [REQUEST] POST /api/authenticate - Status: 200 - 404ms
--------------------------------------------------------------------------------
[2026-09-03T22:16:57.189Z] [REQUEST] POST /api/payroll-requests - Status: 200 - 1693ms
--------------------------------------------------------------------------------
